[1/16] Building CXX object CMakeFiles/HotelMini.dir/src/models/Person/Person.cpp.obj
[2/16] Building CXX object CMakeFiles/HotelMini.dir/src/models/Customer/Customer.cpp.obj
[3/16] Building CXX object CMakeFiles/HotelMini.dir/main.cpp.obj
[4/16] Building CXX object CMakeFiles/HotelMini.dir/src/utils/DateUtils/DateUtils.cpp.obj
[5/16] Building CXX object CMakeFiles/HotelMini.dir/src/models/Room/Room.cpp.obj
[6/16] Building CXX object CMakeFiles/HotelMini.dir/src/models/Employee/Employee.cpp.obj
[7/16] Building CXX object CMakeFiles/HotelMini.dir/src/manager/menus/SearchMenu/SearchMenu.cpp.obj
[8/16] Building CXX object CMakeFiles/HotelMini.dir/src/models/Invoice/Invoice.cpp.obj
[9/16] Building CXX object CMakeFiles/HotelMini.dir/src/manager/menus/CustomerMenu/CustomerMenu.cpp.obj
[10/16] Building CXX object CMakeFiles/HotelMini.dir/src/manager/menus/RoomMenu/RoomMenu.cpp.obj
[11/16] Building CXX object CMakeFiles/HotelMini.dir/src/utils/StringUtils/StringUtils.cpp.obj
[12/16] Building CXX object CMakeFiles/HotelMini.dir/src/manager/menus/EmployeeMenu/EmployeeMenu.cpp.obj
[13/16] Building CXX object CMakeFiles/HotelMini.dir/src/manager/menus/InvoiceMenu/InvoiceMenu.cpp.obj
[14/16] Building CXX object CMakeFiles/HotelMini.dir/src/manager/menus/StatsMenu/StatsMenu.cpp.obj
[15/16] Building CXX object CMakeFiles/HotelMini.dir/src/manager/HotelManager.cpp.obj
[16/16] Linking CXX executable bin\HotelMini.exe
